A_jev t3v000: 18 rollouts  11s  requests=254
A_jev t3v001: 18 rollouts  20s  requests=470
A_jev t3v002: 18 rollouts  30s  requests=724
A_jev t3v003: 18 rollouts  41s  requests=974
A_jev t3v004: 18 rollouts  50s  requests=1192
A_jev t3v005: 18 rollouts  62s  requests=1470
A_jev t3v006: 18 rollouts  72s  requests=1716
A_jev t3v007: 18 rollouts  83s  requests=1994
A_jev t3v008: 16 rollouts  92s  requests=2194
A_jev t3v009: 16 rollouts  101s  requests=2432
A_jev t3v010: 16 rollouts  110s  requests=2658
A_jev t3v011: 16 rollouts  119s  requests=2906
A_jev t3v012: 16 rollouts  128s  requests=3122
A_jev t3v013: 16 rollouts  138s  requests=3356
A_jev t3v014: 16 rollouts  148s  requests=3596
A_jev t3v015: 16 rollouts  156s  requests=3806
A_jev t3v016: 16 rollouts  165s  requests=4042
A_jev t3v017: 16 rollouts  175s  requests=4280
A_jev t3v018: 16 rollouts  183s  requests=4478
A_jev t3v019: 16 rollouts  192s  requests=4690
A_jev t3v020: 16 rollouts  202s  requests=4944
A_jev t3v021: 16 rollouts  211s  requests=5162
A_jev t3v022: 16 rollouts  225s  requests=5394
A_jev t3v023: 16 rollouts  234s  requests=5628
Traceback (most recent call last):
  File "/home/yonghwi/jev-wm/scripts/kiis_k5_rollout.py", line 724, in <module>
    raise SystemExit(main())
  File "/home/yonghwi/jev-wm/scripts/kiis_k5_rollout.py", line 719, in main
    return {"build": build, "eval": evaluate, "report": report,
  File "/home/yonghwi/jev-wm/scripts/kiis_k5_rollout.py", line 418, in evaluate
    for game, meta, env in worlds(world_set, n_worlds, Path(d)):
  File "/home/yonghwi/jev-wm/scripts/kiis_k5_rollout.py", line 88, in worlds
    if world_fingerprint(game) != ref[meta["world_id"]]:
KeyError: 't3v024'
