model           kind                     k=1                 k=2                 k=3                 k=4
persistence     all         50.0% [50%,50%]    75.0% [75%,75%]    50.0% [50%,50%]    50.0% [50%,50%]
persistence     policy     100.0%             100.0%             100.0%             100.0%          
persistence     random       0.0%              50.0%               0.0%               0.0%          
A_jev           all        100.0% [100%,100%]    50.0% [50%,50%]   100.0% [100%,100%]   100.0% [100%,100%]
A_jev           policy     100.0%               0.0%             100.0%             100.0%          
A_jev           random     100.0%             100.0%             100.0%             100.0%          
A_jev.tf        all        100.0% [100%,100%]    50.0% [50%,50%]   100.0% [100%,100%]   100.0% [100%,100%]
A_jev.tf        policy     100.0%               0.0%             100.0%             100.0%          
A_jev.tf        random     100.0%             100.0%             100.0%             100.0%          
B0_typed        all         50.0% [50%,50%]    25.0% [25%,25%]     0.0% [0%,0%]     0.0% [0%,0%]
B0_typed        policy     100.0%               0.0%               0.0%               0.0%          
B0_typed        random       0.0%              50.0%               0.0%               0.0%          
B0_typed.beam1  all         50.0% [50%,50%]    25.0% [25%,25%]     0.0% [0%,0%]     0.0% [0%,0%]
B0_typed.beam1  policy     100.0%               0.0%               0.0%               0.0%          
B0_typed.beam1  random       0.0%              50.0%               0.0%               0.0%          
B0_typed.tf     all         50.0% [50%,50%]    25.0% [25%,25%]    50.0% [50%,50%]    50.0% [50%,50%]
B0_typed.tf     policy     100.0%               0.0%             100.0%             100.0%          
B0_typed.tf     random       0.0%              50.0%               0.0%               0.0%          
B_typed         all        100.0% [100%,100%]   100.0% [100%,100%]   100.0% [100%,100%]   100.0% [100%,100%]
B_typed         policy     100.0%             100.0%             100.0%             100.0%          
B_typed         random     100.0%             100.0%             100.0%             100.0%          
B_typed.beam1   all        100.0% [100%,100%]   100.0% [100%,100%]   100.0% [100%,100%]   100.0% [100%,100%]
B_typed.beam1   policy     100.0%             100.0%             100.0%             100.0%          
B_typed.beam1   random     100.0%             100.0%             100.0%             100.0%          
B_typed.tf      all        100.0% [100%,100%]   100.0% [100%,100%]   100.0% [100%,100%]   100.0% [100%,100%]
B_typed.tf      policy     100.0%             100.0%             100.0%             100.0%          
B_typed.tf      random     100.0%             100.0%             100.0%             100.0%          
D0_gen          all         50.0% [50%,50%]    25.0% [25%,25%]    25.0% [25%,25%]     0.0% [0%,0%]
D0_gen          policy     100.0%              50.0%              50.0%               0.0%          
D0_gen          random       0.0%               0.0%               0.0%               0.0%          
D0_gen.tf       all         50.0% [50%,50%]    25.0% [25%,25%]    25.0% [25%,25%]     0.0% [0%,0%]
D0_gen.tf       policy     100.0%              50.0%              50.0%               0.0%          
D0_gen.tf       random       0.0%               0.0%               0.0%               0.0%          
D_gen           all        100.0% [100%,100%]   100.0% [100%,100%]   100.0% [100%,100%]    75.0% [75%,75%]
D_gen           policy     100.0%             100.0%             100.0%             100.0%          
D_gen           random     100.0%             100.0%             100.0%              50.0%          
D_gen.tf        all        100.0% [100%,100%]    75.0% [75%,75%]   100.0% [100%,100%]    75.0% [75%,75%]
D_gen.tf        policy     100.0%             100.0%             100.0%             100.0%          
D_gen.tf        random     100.0%              50.0%             100.0%              50.0%          

variable accuracy / executes balanced accuracy (all rollouts)
persistence        k=1 91.7% / 50.0%   k=2 91.7% / 50.0%   k=3 83.3% / 50.0%   k=4 83.3% / 50.0%
A_jev              k=1 100.0% / 100.0%   k=2 91.7% / 50.0%   k=3 100.0% / 75.0%   k=4 100.0% / 100.0%
A_jev.tf           k=1 100.0% / 100.0%   k=2 91.7% / 50.0%   k=3 100.0% / 100.0%   k=4 100.0% / 100.0%
B0_typed           k=1 91.7% / 50.0%   k=2 83.3% / 25.0%   k=3 75.0% / 50.0%   k=4 70.8% / 50.0%
B0_typed.beam1     k=1 91.7% / 50.0%   k=2 83.3% / 25.0%   k=3 75.0% / 50.0%   k=4 70.8% / 50.0%
B0_typed.tf        k=1 91.7% / 50.0%   k=2 83.3% / 25.0%   k=3 91.7% / 50.0%   k=4 91.7% / 75.0%
B_typed            k=1 100.0% / 100.0%   k=2 100.0% / 100.0%   k=3 100.0% / 100.0%   k=4 100.0% / 100.0%
B_typed.beam1      k=1 100.0% / 100.0%   k=2 100.0% / 100.0%   k=3 100.0% / 100.0%   k=4 100.0% / 100.0%
B_typed.tf         k=1 100.0% / 100.0%   k=2 100.0% / 100.0%   k=3 100.0% / 100.0%   k=4 100.0% / 100.0%
D0_gen             k=1 70.8% / 75.0%   k=2 25.0% / 0.0%   k=3 25.0% / 0.0%   k=4 20.8% / 0.0%
D0_gen.tf          k=1 70.8% / 75.0%   k=2 62.5% / 50.0%   k=3 66.7% / 25.0%   k=4 62.5% / 50.0%
D_gen              k=1 100.0% / 100.0%   k=2 100.0% / 100.0%   k=3 100.0% / 100.0%   k=4 95.8% / 75.0%
D_gen.tf           k=1 100.0% / 100.0%   k=2 75.0% / 75.0%   k=3 100.0% / 100.0%   k=4 95.8% / 75.0%

JEV repeats: 3 passes, 4 (rollout, k) cells, outcome differs across passes in 1 (25.0%)
   k=1: 100.0%, 100.0%, 100.0%
   k=2: 0.0%, 100.0%, 0.0%
   k=3: 100.0%, 100.0%, 100.0%
   k=4: 100.0%, 100.0%, 100.0%
