model       kind                     k=1                 k=2                 k=3                 k=4
persistence all         25.0% [25%,25%]     0.0% [0%,0%]     0.0% [0%,0%]    25.0% [25%,25%]
persistence policy      50.0%               0.0%               0.0%               0.0%          
persistence random       0.0%               0.0%               0.0%              50.0%          
A_jev       all        100.0% [100%,100%]   100.0% [100%,100%]   100.0% [100%,100%]   100.0% [100%,100%]
A_jev       policy     100.0%             100.0%             100.0%             100.0%          
A_jev       random     100.0%             100.0%             100.0%             100.0%          
B0_typed    all         25.0% [25%,25%]     0.0% [0%,0%]     0.0% [0%,0%]    25.0% [25%,25%]
B0_typed    policy      50.0%               0.0%               0.0%               0.0%          
B0_typed    random       0.0%               0.0%               0.0%              50.0%          
B_typed     all        100.0% [100%,100%]   100.0% [100%,100%]   100.0% [100%,100%]   100.0% [100%,100%]
B_typed     policy     100.0%             100.0%             100.0%             100.0%          
B_typed     random     100.0%             100.0%             100.0%             100.0%          
D0_gen      all         25.0% [25%,25%]     0.0% [0%,0%]     0.0% [0%,0%]    25.0% [25%,25%]
D0_gen      policy      50.0%               0.0%               0.0%               0.0%          
D0_gen      random       0.0%               0.0%               0.0%              50.0%          
D_gen       all         75.0% [75%,75%]    75.0% [75%,75%]    75.0% [75%,75%]    50.0% [50%,50%]
D_gen       policy      50.0%              50.0%              50.0%               0.0%          
D_gen       random     100.0%             100.0%             100.0%             100.0%          

variable accuracy / executes balanced accuracy (all rollouts)
persistence    k=1 89.3% / 50.0%   k=2 75.0% / -   k=3 71.4% / 50.0%   k=4 67.9% / -
A_jev          k=1 100.0% / 100.0%   k=2 100.0% / -   k=3 100.0% / 100.0%   k=4 100.0% / -
B0_typed       k=1 89.3% / 50.0%   k=2 78.6% / -   k=3 78.6% / 83.3%   k=4 78.6% / -
B_typed        k=1 100.0% / 100.0%   k=2 100.0% / -   k=3 100.0% / 100.0%   k=4 100.0% / -
D0_gen         k=1 89.3% / 100.0%   k=2 57.1% / -   k=3 57.1% / 33.3%   k=4 39.3% / -
D_gen          k=1 96.4% / 83.3%   k=2 96.4% / -   k=3 92.9% / 83.3%   k=4 89.3% / -

JEV repeats: 3 passes, 4 (rollout, k) cells, outcome differs across passes in 0 (0.0%)
   k=1: 100.0%, 100.0%, 100.0%
   k=2: 100.0%, 100.0%, 100.0%
   k=3: 100.0%, 100.0%, 100.0%
   k=4: 100.0%, 100.0%, 100.0%
