A_jev.rep1 t3v000: 5 rollouts  10s  requests=64
A_jev.rep1 t3v001: 4 rollouts  14s  requests=124
A_jev.rep1 t3v002: 4 rollouts  18s  requests=180
A_jev.rep1 t3v003: 4 rollouts  21s  requests=238
A_jev.rep1 t3v004: 5 rollouts  26s  requests=328
A_jev.rep1 t3v005: 4 rollouts  29s  requests=382
A_jev.rep1 t3v006: 4 rollouts  33s  requests=442
A_jev.rep1 t3v007: 4 rollouts  36s  requests=494
A_jev.rep1 t3v008: 5 rollouts  41s  requests=566
A_jev.rep1 t3v009: 4 rollouts  44s  requests=620
A_jev.rep1 t3v010: 4 rollouts  48s  requests=676
A_jev.rep1 t3v011: 4 rollouts  52s  requests=742
A_jev.rep1 t3v012: 5 rollouts  55s  requests=794
A_jev.rep1 t3v013: 4 rollouts  58s  requests=840
A_jev.rep1 t3v014: 4 rollouts  61s  requests=882
A_jev.rep1 t3v015: 4 rollouts  65s  requests=932
A_jev.rep1 t3v016: 4 rollouts  69s  requests=1008
A_jev.rep1 t3v017: 4 rollouts  72s  requests=1066
A_jev.rep1 t3v018: 4 rollouts  76s  requests=1122
A_jev.rep1 t3v019: 4 rollouts  79s  requests=1172
A_jev.rep1 t3v020: 4 rollouts  81s  requests=1220
A_jev.rep1 t3v021: 4 rollouts  85s  requests=1280
A_jev.rep1 t3v022: 4 rollouts  88s  requests=1324
A_jev.rep1 t3v023: 4 rollouts  91s  requests=1410
Traceback (most recent call last):
  File "/home/yonghwi/jev-wm/scripts/kiis_k5_rollout.py", line 724, in <module>
    raise SystemExit(main())
  File "/home/yonghwi/jev-wm/scripts/kiis_k5_rollout.py", line 719, in main
    return {"build": build, "eval": evaluate, "report": report,
  File "/home/yonghwi/jev-wm/scripts/kiis_k5_rollout.py", line 418, in evaluate
    for game, meta, env in worlds(world_set, n_worlds, Path(d)):
  File "/home/yonghwi/jev-wm/scripts/kiis_k5_rollout.py", line 88, in worlds
    if world_fingerprint(game) != ref[meta["world_id"]]:
KeyError: 't3v024'
