condition 448b4fac3efe  episodes 2592  worlds 24

  C          n=288   17.0% [ 7.3%, 29.2%]  per seed {20260921: 17, 777: 18, 1234: 14}
  C_fm       n=288   79.5% [70.5%, 87.5%]  per seed {20260921: 77, 777: 76, 1234: 76}
  validity   n=288   85.8% [77.8%, 92.7%]  per seed {20260921: 84, 777: 83, 1234: 80}
  A_jev      n=288   93.4% [85.1%, 98.6%]  per seed {20260921: 91, 777: 91, 1234: 87}
  B0_typed   n=288   83.0% [73.3%, 91.3%]  per seed {20260921: 82, 777: 80, 1234: 77}
  D0_gen     n=288   59.0% [48.6%, 69.1%]  per seed {20260921: 56, 777: 57, 1234: 57}
  B_typed    n=288   92.7% [85.8%, 97.9%]  per seed {20260921: 90, 777: 92, 1234: 85}
  D_gen      n=288   92.7% [85.8%, 97.9%]  per seed {20260921: 90, 777: 92, 1234: 85}
  oracle     n=288   92.7% [85.8%, 97.9%]  per seed {20260921: 90, 777: 92, 1234: 85}

  H1  A - C                   +76.4% [+62.8%, +87.8%]  n=288  (+221 / -1)  holds
  H1  B - C                   +75.7% [+63.2%, +86.8%]  n=288  (+219 / -1)  holds
  H1  D - C                   +75.7% [+63.2%, +86.8%]  n=288  (+219 / -1)  holds
  H1b A - C_fm                +13.9% [ +2.1%, +24.3%]  n=288  (+50 / -10)  holds
  H1b B - C_fm                +13.2% [ +2.8%, +22.9%]  n=288  (+49 / -11)  holds
  H1b D - C_fm                +13.2% [ +2.8%, +22.9%]  n=288  (+49 / -11)  holds
  H2  B0 - D0                 +24.0% [+11.5%, +35.8%]  n=288  (+84 / -15)  holds
  H3  (B - D) - (B0 - D0)     -24.0% [-35.8%, -11.5%]  n=288  (+15 / -84)  holds
  H4  B - A                    -0.7% [ -3.1%,  +1.7%]  n=288  (+3 / -5)  not distinguishable
  H5  A - B0                  +10.4% [ -1.7%, +21.5%]  n=288  (+41 / -11)  not distinguishable
      B - D                    +0.0% [ +0.0%,  +0.0%]  n=288  (+0 / -0)  not distinguishable
      B - B0                   +9.7% [ -1.0%, +20.1%]  n=288  (+39 / -11)  not distinguishable
      D - D0                  +33.7% [+22.9%, +44.1%]  n=288  (+101 / -4)  above 0
      B0 - C_fm                +3.5% [ -6.2%, +13.2%]  n=288  (+36 / -26)  not distinguishable
      D0 - C_fm               -20.5% [-29.5%, -11.5%]  n=288  (+13 / -72)  below 0
      oracle - validity        +6.9% [ +1.0%, +13.9%]  n=288  (+25 / -5)  above 0
      A_jev - oracle           +0.7% [ -1.7%,  +3.1%]  n=288  (+5 / -3)  not distinguishable
      B_typed - oracle         +0.0% [ +0.0%,  +0.0%]  n=288  (+0 / -0)  not distinguishable
      D_gen - oracle           +0.0% [ +0.0%,  +0.0%]  n=288  (+0 / -0)  not distinguishable
      B0_typed - oracle        -9.7% [-20.1%,  +1.0%]  n=288  (+11 / -39)  not distinguishable
      D0_gen - oracle         -33.7% [-44.1%, -22.9%]  n=288  (+4 / -101)  below 0
      validity - oracle        -6.9% [-13.9%,  -1.0%]  n=288  (+5 / -25)  below 0
      C_fm - oracle           -13.2% [-22.9%,  -2.8%]  n=288  (+11 / -49)  below 0
