Warning: You are sending unauthenticated requests to the HF Hub. Please set a HF_TOKEN to enable higher rate limits and faster downloads.
[transformers] `torch_dtype` is deprecated! Use `dtype` instead!
Loading weights:   0%|          | 0/398 [00:00<?, ?it/s]Loading weights:   1%|          | 3/398 [00:00<00:14, 27.37it/s]Loading weights:   7%|▋         | 27/398 [00:00<00:02, 143.73it/s]Loading weights:  12%|█▏        | 48/398 [00:00<00:02, 169.28it/s]Loading weights:  17%|█▋        | 69/398 [00:00<00:01, 183.20it/s]Loading weights:  23%|██▎       | 91/398 [00:00<00:01, 192.97it/s]Loading weights:  28%|██▊       | 111/398 [00:00<00:01, 187.25it/s]Loading weights:  33%|███▎      | 130/398 [00:00<00:01, 176.87it/s]Loading weights:  37%|███▋      | 148/398 [00:00<00:01, 171.04it/s]Loading weights:  43%|████▎     | 170/398 [00:00<00:01, 181.86it/s]Loading weights:  48%|████▊     | 192/398 [00:01<00:01, 185.49it/s]Loading weights:  54%|█████▍    | 214/398 [00:01<00:00, 190.20it/s]Loading weights:  59%|█████▉    | 236/398 [00:01<00:00, 194.72it/s]Loading weights:  65%|██████▍   | 257/398 [00:01<00:00, 196.23it/s]Loading weights:  70%|███████   | 279/398 [00:01<00:00, 200.48it/s]Loading weights:  76%|███████▌  | 302/398 [00:01<00:00, 205.96it/s]Loading weights:  83%|████████▎ | 329/398 [00:01<00:00, 222.07it/s]Loading weights:  89%|████████▉ | 355/398 [00:01<00:00, 230.03it/s]Loading weights:  95%|█████████▌| 379/398 [00:01<00:00, 226.12it/s]Loading weights: 100%|██████████| 398/398 [00:02<00:00, 196.32it/s]
B0_typed.beam1 t3v000: 34 rollouts  221s  requests=256
B0_typed.beam1 t3v001: 34 rollouts  426s  requests=498
B0_typed.beam1 t3v002: 34 rollouts  628s  requests=752
B0_typed.beam1 t3v003: 34 rollouts  824s  requests=986
B0_typed.beam1 t3v004: 34 rollouts  1023s  requests=1224
B0_typed.beam1 t3v005: 34 rollouts  1226s  requests=1474
B0_typed.beam1 t3v006: 34 rollouts  1427s  requests=1736
B0_typed.beam1 t3v007: 34 rollouts  1636s  requests=1982
B0_typed.beam1 t3v008: 34 rollouts  1843s  requests=2230
B0_typed.beam1 t3v009: 34 rollouts  2055s  requests=2484
B0_typed.beam1 t3v010: 34 rollouts  2276s  requests=2746
B0_typed.beam1 t3v011: 34 rollouts  2467s  requests=2974
B0_typed.beam1 t3v012: 34 rollouts  2663s  requests=3220
B0_typed.beam1 t3v013: 34 rollouts  2868s  requests=3478
B0_typed.beam1 t3v014: 34 rollouts  3077s  requests=3730
B0_typed.beam1 t3v015: 34 rollouts  3286s  requests=3974
B0_typed.beam1 t3v016: 32 rollouts  3476s  requests=4208
B0_typed.beam1 t3v017: 32 rollouts  3671s  requests=4456
B0_typed.beam1 t3v018: 32 rollouts  3846s  requests=4682
B0_typed.beam1 t3v019: 32 rollouts  4044s  requests=4920
B0_typed.beam1 t3v020: 32 rollouts  4249s  requests=5168
B0_typed.beam1 t3v021: 32 rollouts  4450s  requests=5400
B0_typed.beam1 t3v022: 32 rollouts  4655s  requests=5636
B0_typed.beam1 t3v023: 32 rollouts  4847s  requests=5860
done B0_typed.beam1: 3200 rows, 4847.2s, {'requests': 5860, 'parse_failures': 0, 'cache_hits': 3200, 'contradictions': 28}
