model           kind                     k=1                 k=2                 k=3                 k=4
persistence     all         35.0% [30%,40%]    22.9% [18%,27%]    16.6% [14%,19%]    15.6% [13%,19%]
persistence     policy      47.5%              30.5%              24.8%              22.8%          
persistence     random      22.5%              15.2%               8.5%               8.5%          
A_jev           all         90.9% [89%,93%]    84.6% [82%,87%]    82.2% [79%,85%]    77.9% [75%,81%]
A_jev           policy      93.8%              88.2%              86.2%              83.0%          
A_jev           random      88.0%              81.0%              78.2%              72.8%          
A_jev.tf        all         91.8% [90%,94%]    92.5% [90%,95%]    93.9% [92%,96%]    93.9% [92%,95%]
A_jev.tf        policy      94.5%              94.2%              95.0%              96.8%          
A_jev.tf        random      89.0%              90.8%              92.8%              91.0%          
B0_typed        all         39.4% [35%,45%]    22.4% [19%,26%]    12.1% [10%,14%]     9.1% [7%,11%]
B0_typed        policy      45.8%              25.5%              11.8%               6.0%          
B0_typed        random      33.0%              19.2%              12.5%              12.2%          
B0_typed.beam1  all         39.4% [35%,44%]    22.4% [19%,26%]    12.2% [10%,14%]     9.1% [7%,11%]
B0_typed.beam1  policy      45.8%              25.5%              12.0%               6.0%          
B0_typed.beam1  random      33.0%              19.2%              12.5%              12.2%          
B0_typed.tf     all         39.4% [35%,44%]    38.0% [34%,43%]    38.1% [35%,41%]    35.6% [31%,39%]
B0_typed.tf     policy      45.5%              45.8%              37.0%              32.0%          
B0_typed.tf     random      33.2%              30.2%              39.2%              39.2%          
B_typed         all        100.0% [100%,100%]    99.6% [99%,100%]    99.2% [99%,100%]    98.5% [97%,100%]
B_typed         policy     100.0%              99.2%              98.8%              97.8%          
B_typed         random     100.0%             100.0%              99.8%              99.2%          
B_typed.beam1   all        100.0% [100%,100%]    99.6% [99%,100%]    99.2% [99%,100%]    98.5% [97%,100%]
B_typed.beam1   policy     100.0%              99.2%              98.8%              97.8%          
B_typed.beam1   random     100.0%             100.0%              99.8%              99.2%          
B_typed.tf      all        100.0% [100%,100%]    99.9% [100%,100%]    99.8% [99%,100%]    99.9% [100%,100%]
B_typed.tf      policy     100.0%              99.8%              99.5%              99.8%          
B_typed.tf      random     100.0%             100.0%             100.0%             100.0%          
D0_gen          all         40.0% [36%,44%]    17.8% [15%,20%]     9.6% [8%,12%]     6.2% [5%,8%]
D0_gen          policy      61.5%              27.3%              13.8%              10.0%          
D0_gen          random      18.5%               8.2%               5.5%               2.5%          
D0_gen.tf       all         40.0% [36%,44%]    32.5% [30%,35%]    29.4% [25%,33%]    34.9% [32%,38%]
D0_gen.tf       policy      61.8%              42.0%              31.5%              48.8%          
D0_gen.tf       random      18.2%              23.0%              27.3%              21.0%          
D_gen           all         99.8% [99%,100%]    99.0% [98%,100%]    98.0% [97%,99%]    96.8% [95%,98%]
D_gen           policy      99.8%              99.2%              98.5%              98.5%          
D_gen           random      99.8%              98.8%              97.5%              95.0%          
D_gen.tf        all         99.8% [99%,100%]    99.6% [99%,100%]    99.2% [98%,100%]    99.5% [99%,100%]
D_gen.tf        policy      99.8%              99.8%              99.5%             100.0%          
D_gen.tf        random      99.8%              99.5%              99.0%              99.0%          

variable accuracy / executes balanced accuracy (all rollouts)
persistence        k=1 89.2% / 50.0%   k=2 81.2% / 50.0%   k=3 75.9% / 50.0%   k=4 72.8% / 50.0%
A_jev              k=1 98.5% / 90.4%   k=2 97.1% / 88.7%   k=3 96.4% / 91.1%   k=4 95.5% / 91.2%
A_jev.tf           k=1 98.6% / 91.3%   k=2 98.8% / 91.9%   k=3 99.0% / 93.8%   k=4 99.0% / 93.7%
B0_typed           k=1 88.6% / 58.7%   k=2 79.4% / 49.5%   k=3 72.2% / 43.8%   k=4 67.1% / 46.5%
B0_typed.beam1     k=1 88.6% / 58.7%   k=2 79.4% / 49.5%   k=3 72.2% / 43.8%   k=4 67.1% / 46.5%
B0_typed.tf        k=1 88.6% / 58.8%   k=2 87.7% / 52.3%   k=3 87.2% / 47.4%   k=4 85.7% / 48.3%
B_typed            k=1 100.0% / 100.0%   k=2 99.9% / 99.6%   k=3 99.9% / 99.4%   k=4 99.8% / 99.6%
B_typed.beam1      k=1 100.0% / 100.0%   k=2 99.9% / 99.6%   k=3 99.9% / 99.4%   k=4 99.8% / 99.6%
B_typed.tf         k=1 100.0% / 100.0%   k=2 100.0% / 99.7%   k=3 100.0% / 99.7%   k=4 100.0% / 100.0%
D0_gen             k=1 69.2% / 47.3%   k=2 51.5% / 31.0%   k=3 37.3% / 23.6%   k=4 28.3% / 17.1%
D0_gen.tf          k=1 69.3% / 47.3%   k=2 69.3% / 41.2%   k=3 64.9% / 39.8%   k=4 65.2% / 38.7%
D_gen              k=1 100.0% / 99.8%   k=2 99.6% / 99.3%   k=3 99.2% / 98.7%   k=4 98.9% / 98.2%
D_gen.tf           k=1 100.0% / 99.8%   k=2 99.8% / 99.7%   k=3 99.7% / 99.4%   k=4 99.9% / 99.6%

JEV repeats: 3 passes, 400 (rollout, k) cells, outcome differs across passes in 30 (7.5%)
   k=1: 93.0%, 92.0%, 93.0%
   k=2: 88.0%, 88.0%, 88.0%
   k=3: 85.0%, 86.0%, 88.0%
   k=4: 81.0%, 80.0%, 81.0%
