model           kind                     k=1                 k=2                 k=3                 k=4
persistence     all         25.0% [25%,25%]    25.0% [25%,25%]    25.0% [25%,25%]     0.0% [0%,0%]
persistence     policy      50.0%              50.0%              50.0%               0.0%          
persistence     random       0.0%               0.0%               0.0%               0.0%          
A_jev           all         75.0% [75%,75%]    75.0% [75%,75%]    75.0% [75%,75%]    75.0% [75%,75%]
A_jev           policy     100.0%             100.0%             100.0%             100.0%          
A_jev           random      50.0%              50.0%              50.0%              50.0%          
A_jev.tf        all         75.0% [75%,75%]   100.0% [100%,100%]   100.0% [100%,100%]    75.0% [75%,75%]
A_jev.tf        policy     100.0%             100.0%             100.0%             100.0%          
A_jev.tf        random      50.0%             100.0%             100.0%              50.0%          
B0_typed        all         50.0% [50%,50%]    50.0% [50%,50%]    25.0% [25%,25%]    25.0% [25%,25%]
B0_typed        policy      50.0%              50.0%              50.0%              50.0%          
B0_typed        random      50.0%              50.0%               0.0%               0.0%          
B0_typed.beam1  all         50.0% [50%,50%]    50.0% [50%,50%]    25.0% [25%,25%]    25.0% [25%,25%]
B0_typed.beam1  policy      50.0%              50.0%              50.0%              50.0%          
B0_typed.beam1  random      50.0%              50.0%               0.0%               0.0%          
B0_typed.tf     all         50.0% [50%,50%]    25.0% [25%,25%]    50.0% [50%,50%]    25.0% [25%,25%]
B0_typed.tf     policy      50.0%              50.0%             100.0%              50.0%          
B0_typed.tf     random      50.0%               0.0%               0.0%               0.0%          
B_typed         all        100.0% [100%,100%]   100.0% [100%,100%]   100.0% [100%,100%]    75.0% [75%,75%]
B_typed         policy     100.0%             100.0%             100.0%              50.0%          
B_typed         random     100.0%             100.0%             100.0%             100.0%          
B_typed.beam1   all        100.0% [100%,100%]   100.0% [100%,100%]   100.0% [100%,100%]    75.0% [75%,75%]
B_typed.beam1   policy     100.0%             100.0%             100.0%              50.0%          
B_typed.beam1   random     100.0%             100.0%             100.0%             100.0%          
B_typed.tf      all        100.0% [100%,100%]   100.0% [100%,100%]   100.0% [100%,100%]    75.0% [75%,75%]
B_typed.tf      policy     100.0%             100.0%             100.0%              50.0%          
B_typed.tf      random     100.0%             100.0%             100.0%             100.0%          
D0_gen          all          0.0% [0%,0%]     0.0% [0%,0%]     0.0% [0%,0%]     0.0% [0%,0%]
D0_gen          policy       0.0%               0.0%               0.0%               0.0%          
D0_gen          random       0.0%               0.0%               0.0%               0.0%          
D0_gen.tf       all          0.0% [0%,0%]    25.0% [25%,25%]    25.0% [25%,25%]     0.0% [0%,0%]
D0_gen.tf       policy       0.0%              50.0%              50.0%               0.0%          
D0_gen.tf       random       0.0%               0.0%               0.0%               0.0%          
D_gen           all         75.0% [75%,75%]    75.0% [75%,75%]    75.0% [75%,75%]    50.0% [50%,50%]
D_gen           policy      50.0%              50.0%              50.0%              50.0%          
D_gen           random     100.0%             100.0%             100.0%              50.0%          
D_gen.tf        all         75.0% [75%,75%]    75.0% [75%,75%]   100.0% [100%,100%]    50.0% [50%,50%]
D_gen.tf        policy      50.0%              50.0%             100.0%              50.0%          
D_gen.tf        random     100.0%             100.0%             100.0%              50.0%          

variable accuracy / executes balanced accuracy (all rollouts)
persistence        k=1 91.7% / 50.0%   k=2 83.3% / 50.0%   k=3 80.6% / 50.0%   k=4 80.6% / -
A_jev              k=1 97.2% / 83.3%   k=2 97.2% / 100.0%   k=3 97.2% / 100.0%   k=4 97.2% / -
A_jev.tf           k=1 97.2% / 83.3%   k=2 100.0% / 100.0%   k=3 100.0% / 100.0%   k=4 97.2% / -
B0_typed           k=1 94.4% / 83.3%   k=2 88.9% / 66.7%   k=3 83.3% / 75.0%   k=4 75.0% / -
B0_typed.beam1     k=1 94.4% / 83.3%   k=2 88.9% / 66.7%   k=3 83.3% / 75.0%   k=4 75.0% / -
B0_typed.tf        k=1 94.4% / 83.3%   k=2 91.7% / 66.7%   k=3 94.4% / 75.0%   k=4 91.7% / -
B_typed            k=1 100.0% / 50.0%   k=2 100.0% / 100.0%   k=3 100.0% / 100.0%   k=4 97.2% / -
B_typed.beam1      k=1 100.0% / 50.0%   k=2 100.0% / 100.0%   k=3 100.0% / 100.0%   k=4 97.2% / -
B_typed.tf         k=1 100.0% / 50.0%   k=2 100.0% / 100.0%   k=3 100.0% / 100.0%   k=4 97.2% / -
D0_gen             k=1 22.2% / 16.7%   k=2 0.0% / 0.0%   k=3 0.0% / 0.0%   k=4 0.0% / -
D0_gen.tf          k=1 22.2% / 16.7%   k=2 47.2% / 66.7%   k=3 69.4% / 50.0%   k=4 44.4% / -
D_gen              k=1 97.2% / 83.3%   k=2 94.4% / 83.3%   k=3 94.4% / 100.0%   k=4 94.4% / -
D_gen.tf           k=1 97.2% / 83.3%   k=2 97.2% / 83.3%   k=3 100.0% / 100.0%   k=4 94.4% / -
