model       kind                     k=1                 k=2                 k=3                 k=4
persistence all          0.0% [0%,0%]    25.0% [25%,25%]     0.0% [0%,0%]     0.0% [0%,0%]
persistence policy       0.0%               0.0%               0.0%               0.0%          
persistence random       0.0%              50.0%               0.0%               0.0%          
A_jev       all         25.0% [25%,25%]    50.0% [50%,50%]    25.0% [25%,25%]    25.0% [25%,25%]
A_jev       policy       0.0%               0.0%               0.0%               0.0%          
A_jev       random      50.0%             100.0%              50.0%              50.0%          
B0_typed    all          0.0% [0%,0%]    25.0% [25%,25%]     0.0% [0%,0%]     0.0% [0%,0%]
B0_typed    policy       0.0%               0.0%               0.0%               0.0%          
B0_typed    random       0.0%              50.0%               0.0%               0.0%          
B_typed     all        100.0% [100%,100%]    75.0% [75%,75%]    75.0% [75%,75%]   100.0% [100%,100%]
B_typed     policy     100.0%              50.0%              50.0%             100.0%          
B_typed     random     100.0%             100.0%             100.0%             100.0%          
D0_gen      all          0.0% [0%,0%]     0.0% [0%,0%]     0.0% [0%,0%]     0.0% [0%,0%]
D0_gen      policy       0.0%               0.0%               0.0%               0.0%          
D0_gen      random       0.0%               0.0%               0.0%               0.0%          
D_gen       all         50.0% [50%,50%]    75.0% [75%,75%]    25.0% [25%,25%]    25.0% [25%,25%]
D_gen       policy      50.0%              50.0%              50.0%              50.0%          
D_gen       random      50.0%             100.0%               0.0%               0.0%          

variable accuracy / executes balanced accuracy (all rollouts)
persistence    k=1 88.9% / -   k=2 86.1% / 50.0%   k=3 86.1% / 50.0%   k=4 83.3% / 50.0%
A_jev          k=1 91.7% / -   k=2 91.7% / 66.7%   k=3 86.1% / 50.0%   k=4 88.9% / 83.3%
B0_typed       k=1 88.9% / -   k=2 83.3% / 0.0%   k=3 83.3% / 50.0%   k=4 77.8% / 66.7%
B_typed        k=1 100.0% / -   k=2 97.2% / 83.3%   k=3 97.2% / 100.0%   k=4 100.0% / 83.3%
D0_gen         k=1 66.7% / -   k=2 19.4% / 0.0%   k=3 0.0% / 0.0%   k=4 0.0% / 0.0%
D_gen          k=1 94.4% / -   k=2 94.4% / 66.7%   k=3 66.7% / 50.0%   k=4 69.4% / 66.7%
