model       kind                     k=1                 k=2                 k=3                 k=4
persistence all         48.6% [45%,52%]    32.5% [28%,37%]    23.9% [22%,26%]    18.8% [16%,22%]
persistence policy      70.2%              48.0%              38.2%              31.5%          
persistence random      27.0%              17.0%               9.5%               6.0%          
A_jev       all         91.0% [88%,94%]    86.4% [83%,89%]    83.8% [81%,87%]    81.9% [78%,86%]
A_jev       policy      92.5%              88.5%              88.0%              86.5%          
A_jev       random      89.5%              84.2%              79.5%              77.2%          
B0_typed    all         45.4% [41%,50%]    25.0% [21%,29%]    14.5% [11%,18%]     9.8% [8%,12%]
B0_typed    policy      56.2%              28.0%              15.2%              10.8%          
B0_typed    random      34.5%              22.0%              13.8%               8.8%          
B_typed     all        100.0% [100%,100%]    99.9% [100%,100%]    98.2% [97%,99%]    98.0% [97%,99%]
B_typed     policy     100.0%             100.0%              97.0%              96.5%          
B_typed     random     100.0%              99.8%              99.5%              99.5%          
D0_gen      all         50.5% [45%,56%]    28.9% [26%,32%]    19.6% [17%,22%]    15.4% [13%,18%]
D0_gen      policy      67.2%              38.2%              27.0%              23.0%          
D0_gen      random      33.8%              19.5%              12.2%               7.8%          
D_gen       all         99.8% [99%,100%]    99.0% [98%,100%]    98.2% [97%,99%]    97.8% [97%,99%]
D_gen       policy     100.0%             100.0%              99.5%              98.8%          
D_gen       random      99.5%              98.0%              97.0%              96.8%          

variable accuracy / executes balanced accuracy (all rollouts)
persistence    k=1 91.4% / 50.0%   k=2 84.5% / 50.0%   k=3 79.9% / 50.0%   k=4 76.5% / 50.0%
A_jev          k=1 98.5% / 90.8%   k=2 97.3% / 91.9%   k=3 96.8% / 93.0%   k=4 96.3% / 93.9%
B0_typed       k=1 89.1% / 55.3%   k=2 80.2% / 50.3%   k=3 73.7% / 50.6%   k=4 69.9% / 50.2%
B_typed        k=1 100.0% / 100.0%   k=2 100.0% / 100.0%   k=3 99.7% / 98.4%   k=4 99.7% / 99.7%
D0_gen         k=1 91.6% / 58.1%   k=2 84.0% / 48.1%   k=3 77.9% / 51.9%   k=4 74.2% / 47.3%
D_gen          k=1 100.0% / 99.8%   k=2 99.8% / 99.2%   k=3 99.7% / 98.9%   k=4 99.6% / 98.8%

JEV repeats: 3 passes, 400 (rollout, k) cells, outcome differs across passes in 18 (4.5%)
   k=1: 93.0%, 94.0%, 95.0%
   k=2: 89.0%, 90.0%, 89.0%
   k=3: 86.0%, 85.0%, 83.0%
   k=4: 84.0%, 83.0%, 80.0%
