Warning: You are sending unauthenticated requests to the HF Hub. Please set a HF_TOKEN to enable higher rate limits and faster downloads.
[transformers] `torch_dtype` is deprecated! Use `dtype` instead!
Loading weights:   0%|          | 0/398 [00:00<?, ?it/s]Loading weights:   7%|▋         | 27/398 [00:00<00:01, 256.00it/s]Loading weights:  13%|█▎        | 53/398 [00:00<00:01, 245.13it/s]Loading weights:  20%|█▉        | 78/398 [00:00<00:01, 228.16it/s]Loading weights:  25%|██▌       | 101/398 [00:00<00:01, 223.26it/s]Loading weights:  31%|███       | 124/398 [00:00<00:01, 220.94it/s]Loading weights:  37%|███▋      | 147/398 [00:00<00:01, 208.02it/s]Loading weights:  42%|████▏     | 169/398 [00:00<00:01, 209.66it/s]Loading weights:  48%|████▊     | 191/398 [00:00<00:00, 209.24it/s]Loading weights:  54%|█████▎    | 213/398 [00:00<00:00, 211.05it/s]Loading weights:  62%|██████▏   | 245/398 [00:01<00:00, 238.49it/s]Loading weights:  68%|██████▊   | 269/398 [00:01<00:00, 231.62it/s]Loading weights:  75%|███████▍  | 297/398 [00:01<00:00, 241.77it/s]Loading weights:  81%|████████▏ | 324/398 [00:01<00:00, 239.47it/s]Loading weights:  87%|████████▋ | 348/398 [00:01<00:00, 237.52it/s]Loading weights:  94%|█████████▍| 374/398 [00:01<00:00, 243.88it/s]Loading weights: 100%|██████████| 398/398 [00:01<00:00, 231.05it/s]
B_typed.tf t3v000: 18 rollouts  316s  requests=130
B_typed.tf t3v001: 18 rollouts  620s  requests=260
B_typed.tf t3v002: 18 rollouts  939s  requests=386
B_typed.tf t3v003: 18 rollouts  1253s  requests=516
B_typed.tf t3v004: 18 rollouts  1562s  requests=648
B_typed.tf t3v005: 18 rollouts  1889s  requests=790
B_typed.tf t3v006: 18 rollouts  2216s  requests=928
B_typed.tf t3v007: 18 rollouts  2535s  requests=1064
B_typed.tf t3v008: 16 rollouts  2807s  requests=1180
B_typed.tf t3v009: 16 rollouts  3102s  requests=1300
B_typed.tf t3v010: 16 rollouts  3397s  requests=1418
B_typed.tf t3v011: 16 rollouts  3689s  requests=1540
B_typed.tf t3v012: 16 rollouts  3972s  requests=1656
B_typed.tf t3v013: 16 rollouts  4292s  requests=1784
B_typed.tf t3v014: 16 rollouts  4579s  requests=1898
B_typed.tf t3v015: 16 rollouts  4863s  requests=2018
B_typed.tf t3v016: 16 rollouts  5186s  requests=2144
B_typed.tf t3v017: 16 rollouts  5494s  requests=2268
B_typed.tf t3v018: 16 rollouts  5787s  requests=2382
B_typed.tf t3v019: 16 rollouts  6074s  requests=2504
B_typed.tf t3v020: 16 rollouts  6366s  requests=2622
B_typed.tf t3v021: 16 rollouts  6657s  requests=2740
B_typed.tf t3v022: 16 rollouts  6940s  requests=2862
B_typed.tf t3v023: 16 rollouts  7213s  requests=2978
done B_typed.tf: 1600 rows, 7213.3s, {'requests': 2978, 'parse_failures': 0, 'cache_hits': 0, 'contradictions': 1}
