Warning: You are sending unauthenticated requests to the HF Hub. Please set a HF_TOKEN to enable higher rate limits and faster downloads.
[transformers] `torch_dtype` is deprecated! Use `dtype` instead!
Loading weights:   0%|          | 0/398 [00:00<?, ?it/s]Loading weights:   7%|▋         | 26/398 [00:00<00:01, 233.64it/s]Loading weights:  13%|█▎        | 50/398 [00:00<00:01, 214.82it/s]Loading weights:  18%|█▊        | 72/398 [00:00<00:01, 194.16it/s]Loading weights:  23%|██▎       | 93/398 [00:00<00:01, 196.38it/s]Loading weights:  29%|██▊       | 114/398 [00:00<00:01, 199.06it/s]Loading weights:  34%|███▍      | 135/398 [00:00<00:01, 197.28it/s]Loading weights:  39%|███▉      | 155/398 [00:00<00:01, 196.68it/s]Loading weights:  45%|████▍     | 178/398 [00:00<00:01, 192.76it/s]Loading weights:  51%|█████     | 201/398 [00:01<00:00, 200.00it/s]Loading weights:  56%|█████▌    | 222/398 [00:01<00:00, 197.39it/s]Loading weights:  61%|██████    | 242/398 [00:01<00:00, 182.23it/s]Loading weights:  66%|██████▌   | 261/398 [00:01<00:00, 181.18it/s]Loading weights:  70%|███████   | 280/398 [00:01<00:00, 174.43it/s]Loading weights:  76%|███████▌  | 301/398 [00:01<00:00, 179.56it/s]Loading weights:  81%|████████  | 322/398 [00:01<00:00, 182.49it/s]Loading weights:  86%|████████▌ | 341/398 [00:01<00:00, 177.93it/s]Loading weights:  90%|█████████ | 359/398 [00:01<00:00, 174.46it/s]Loading weights:  95%|█████████▍| 378/398 [00:02<00:00, 176.99it/s]Loading weights: 100%|██████████| 398/398 [00:02<00:00, 188.27it/s]
D0_gen t3v000: 18 rollouts  618s  requests=98
D0_gen t3v001: 18 rollouts  1258s  requests=197
D0_gen t3v002: 18 rollouts  1891s  requests=303
D0_gen t3v003: 18 rollouts  2376s  requests=401
D0_gen t3v004: 18 rollouts  2854s  requests=491
D0_gen t3v005: 18 rollouts  3380s  requests=587
D0_gen t3v006: 18 rollouts  3933s  requests=684
D0_gen t3v007: 18 rollouts  4565s  requests=793
D0_gen t3v008: 16 rollouts  5064s  requests=880
D0_gen t3v009: 16 rollouts  5534s  requests=963
D0_gen t3v010: 16 rollouts  6135s  requests=1062
D0_gen t3v011: 16 rollouts  6630s  requests=1147
D0_gen t3v012: 16 rollouts  7138s  requests=1240
D0_gen t3v013: 16 rollouts  7628s  requests=1334
D0_gen t3v014: 16 rollouts  8114s  requests=1420
D0_gen t3v015: 16 rollouts  8537s  requests=1508
D0_gen t3v016: 16 rollouts  9005s  requests=1593
D0_gen t3v017: 16 rollouts  9563s  requests=1689
D0_gen t3v018: 16 rollouts  10151s  requests=1782
D0_gen t3v019: 16 rollouts  10641s  requests=1870
D0_gen t3v020: 16 rollouts  11167s  requests=1959
D0_gen t3v021: 16 rollouts  11615s  requests=2039
D0_gen t3v022: 16 rollouts  12161s  requests=2132
D0_gen t3v023: 16 rollouts  12671s  requests=2223
done D0_gen: 1600 rows, 12671.0s, {'requests': 2223, 'parse_failures': 682, 'cache_hits': 1600, 'contradictions': 0}
