model           kind                     k=1                 k=2                 k=3                 k=4
persistence     all         40.2% [35%,46%]    30.0% [24%,36%]    21.5% [17%,26%]    18.0% [13%,24%]
persistence     policy      62.0%              43.5%              36.5%              27.0%          
persistence     random      18.5%              16.5%               6.5%               9.0%          
A_jev           all         94.8% [92%,97%]    91.2% [88%,94%]    87.5% [83%,92%]    85.5% [81%,90%]
A_jev           policy      96.0%              90.0%              82.0%              81.5%          
A_jev           random      93.5%              92.5%              93.0%              89.5%          
A_jev.tf        all         94.5% [92%,97%]    95.8% [93%,98%]    93.8% [91%,96%]    91.2% [86%,95%]
A_jev.tf        policy      95.0%              93.0%              89.5%              88.0%          
A_jev.tf        random      94.0%              98.5%              98.0%              94.5%          
B0_typed        all         34.2% [28%,41%]    14.0% [11%,17%]     5.8% [3%,9%]     4.2% [2%,6%]
B0_typed        policy      47.0%              12.0%               4.5%               1.5%          
B0_typed        random      21.5%              16.0%               7.0%               7.0%          
B0_typed.beam1  all         34.2% [28%,41%]    14.0% [11%,17%]     5.8% [3%,9%]     4.2% [2%,6%]
B0_typed.beam1  policy      47.0%              12.0%               4.5%               1.5%          
B0_typed.beam1  random      21.5%              16.0%               7.0%               7.0%          
B0_typed.tf     all         34.2% [28%,41%]    26.8% [23%,31%]    31.2% [26%,37%]    23.0% [19%,27%]
B0_typed.tf     policy      47.0%              26.5%              40.5%              23.0%          
B0_typed.tf     random      21.5%              27.0%              22.0%              23.0%          
B_typed         all         89.8% [84%,94%]    80.0% [74%,85%]    77.2% [71%,83%]    71.5% [66%,77%]
B_typed         policy      95.0%              80.5%              75.5%              70.0%          
B_typed         random      84.5%              79.5%              79.0%              73.0%          
B_typed.beam1   all         89.8% [85%,93%]    80.0% [74%,85%]    77.5% [71%,83%]    71.2% [65%,76%]
B_typed.beam1   policy      95.0%              80.5%              76.0%              69.5%          
B_typed.beam1   random      84.5%              79.5%              79.0%              73.0%          
B_typed.tf      all         89.8% [84%,94%]    88.0% [84%,92%]    92.5% [89%,95%]    88.8% [85%,92%]
B_typed.tf      policy      95.0%              86.0%              95.0%              92.5%          
B_typed.tf      random      84.5%              90.0%              90.0%              85.0%          
D0_gen          all         20.2% [15%,25%]     8.2% [5%,12%]     4.8% [2%,8%]     2.2% [1%,4%]
D0_gen          policy      27.0%               9.5%               7.5%               2.5%          
D0_gen          random      13.5%               7.0%               2.0%               2.0%          
D0_gen.tf       all         20.8% [16%,26%]    23.8% [20%,28%]    24.0% [19%,29%]    26.2% [22%,31%]
D0_gen.tf       policy      27.5%              30.5%              31.0%              35.0%          
D0_gen.tf       random      14.0%              17.0%              17.0%              17.5%          
D_gen           all         91.5% [89%,94%]    78.8% [75%,83%]    73.2% [68%,78%]    66.5% [61%,72%]
D_gen           policy      96.0%              80.0%              74.0%              70.5%          
D_gen           random      87.0%              77.5%              72.5%              62.5%          
D_gen.tf        all         92.2% [90%,94%]    87.0% [83%,90%]    91.0% [88%,94%]    88.2% [85%,91%]
D_gen.tf        policy      97.0%              85.5%              93.0%              91.0%          
D_gen.tf        random      87.5%              88.5%              89.0%              85.5%          

variable accuracy / executes balanced accuracy (all rollouts)
persistence        k=1 93.4% / 50.0%   k=2 88.2% / 50.0%   k=3 84.7% / 50.0%   k=4 82.0% / 50.0%
A_jev              k=1 99.4% / 95.2%   k=2 98.9% / 95.0%   k=3 98.4% / 93.1%   k=4 97.9% / 91.2%
A_jev.tf           k=1 99.4% / 94.9%   k=2 99.5% / 95.6%   k=3 99.3% / 94.1%   k=4 99.0% / 90.8%
B0_typed           k=1 90.6% / 51.5%   k=2 81.5% / 46.2%   k=3 76.0% / 40.8%   k=4 71.5% / 43.7%
B0_typed.beam1     k=1 90.6% / 51.5%   k=2 81.5% / 46.2%   k=3 75.9% / 40.8%   k=4 71.5% / 43.7%
B0_typed.tf        k=1 90.6% / 51.5%   k=2 87.9% / 48.1%   k=3 89.6% / 42.1%   k=4 87.6% / 37.5%
B_typed            k=1 98.8% / 96.4%   k=2 97.5% / 91.7%   k=3 96.9% / 92.4%   k=4 96.2% / 87.7%
B_typed.beam1      k=1 98.8% / 96.4%   k=2 97.5% / 91.7%   k=3 96.9% / 92.4%   k=4 96.1% / 88.0%
B_typed.tf         k=1 98.8% / 96.4%   k=2 98.7% / 94.0%   k=3 99.1% / 95.6%   k=4 98.7% / 92.6%
D0_gen             k=1 41.1% / 22.1%   k=2 27.8% / 16.1%   k=3 18.1% / 8.1%   k=4 12.6% / 7.9%
D0_gen.tf          k=1 41.4% / 22.3%   k=2 52.4% / 26.4%   k=3 52.7% / 26.8%   k=4 52.7% / 26.0%
D_gen              k=1 97.1% / 93.1%   k=2 93.2% / 84.5%   k=3 91.2% / 83.4%   k=4 88.2% / 81.1%
D_gen.tf           k=1 97.1% / 93.5%   k=2 95.9% / 88.5%   k=3 97.9% / 91.7%   k=4 97.1% / 89.7%
