[2026-09-25T19:14:55+00:00] started P1/dev on GPU0
[2026-09-25T19:14:55+00:00] started P1/val on GPU1
[2026-09-25T19:14:55+00:00] started v1a_val_oracle on GPU0
[2026-09-25T19:34:26+00:00] finished P1/dev
[2026-09-25T20:01:58+00:00] finished v1a_val_oracle
[2026-09-25T20:08:58+00:00] finished P1/val
[2026-09-25T20:09:08+00:00] v1a scored
[2026-09-25T20:09:19+00:00] scored P1
[2026-09-25T20:09:19+00:00] started P1+T1/dev on GPU0
[2026-09-25T20:09:19+00:00] started P1+T1/val on GPU1
[2026-09-25T20:09:19+00:00] started P1+P2/dev on GPU0
[2026-09-25T20:09:19+00:00] started P1+P2/val on GPU1
[2026-09-25T20:36:50+00:00] finished P1+T1/dev
[2026-09-25T20:41:21+00:00] finished P1+P2/dev
[2026-09-25T22:49:28+00:00] finished P1+T1/val
[2026-09-25T22:50:28+00:00] finished P1+P2/val
[2026-09-25T22:50:40+00:00] scored P1+T1
[2026-09-25T22:50:52+00:00] scored P1+P2
[2026-09-25T22:50:52+00:00] started P1+T1+T2/dev on GPU0
[2026-09-25T22:50:52+00:00] started P1+T1+T2/val on GPU1
[2026-09-25T22:50:52+00:00] started P1+T1+P2/dev on GPU0
[2026-09-25T22:50:52+00:00] started P1+T1+P2/val on GPU1
[2026-09-25T23:23:24+00:00] finished P1+T1+T2/dev
[2026-09-25T23:26:54+00:00] finished P1+T1+P2/dev
[2026-09-26T02:06:33+00:00] finished P1+T1+T2/val
[2026-09-26T03:03:07+00:00] finished P1+T1+P2/val
[2026-09-26T03:03:19+00:00] scored P1+T1+T2
[2026-09-26T03:03:31+00:00] scored P1+T1+P2
[2026-09-26T03:03:31+00:00] started P1+T1+T2+T3/dev on GPU0
[2026-09-26T03:03:31+00:00] started P1+T1+T2+T3/val on GPU1
[2026-09-26T03:03:31+00:00] started P1+T1+T2+P2/dev on GPU0
[2026-09-26T03:03:31+00:00] started P1+T1+T2+P2/val on GPU1
[2026-09-26T03:57:04+00:00] finished P1+T1+T2+T3/dev
[2026-09-26T03:58:04+00:00] finished P1+T1+T2+P2/dev
