[2026-09-27T07:07:17+00:00] started P1k+P2/test on GPU0
[2026-09-27T07:07:17+00:00] started P1k+P2+P3/test on GPU1
[2026-09-27T07:07:17+00:00] started P1k+P2/val on GPU0
[2026-09-27T09:30:25+00:00] finished P1k+P2/val
[2026-09-27T09:30:25+00:00] started P1k+P2+P3/val on GPU0
[2026-09-27T09:57:27+00:00] finished P1k+P2/test
[2026-09-27T09:57:27+00:00] started P1k+P2/dev on GPU0
[2026-09-27T10:15:28+00:00] finished P1k+P2+P3/test
[2026-09-27T10:15:28+00:00] started P1k+P2+P3/dev on GPU1
[2026-09-27T10:42:29+00:00] finished P1k+P2/dev
[2026-09-27T11:02:01+00:00] finished P1k+P2+P3/dev
[2026-09-27T11:24:02+00:00] finished P1k+P2+P3/val
[2026-09-27T11:24:25+00:00] scored P1k+P2
[2026-09-27T11:24:48+00:00] scored P1k+P2+P3
[2026-09-27T11:24:48+00:00] started P1k+P2+P3/G5/zero_shot on GPU0
[2026-09-27T11:24:48+00:00] started P1k+P2+P3/C/test on GPU1
[2026-09-27T11:24:48+00:00] started P1k+P2+P3/C/val on GPU0
[2026-09-27T14:38:29+00:00] finished P1k+P2+P3/C/val
[2026-09-27T14:38:29+00:00] started P1k+P2+P3/C/dev on GPU0
[2026-09-27T14:54:30+00:00] finished P1k+P2+P3/C/test
[2026-09-27T14:54:30+00:00] started P1k+P2+P3/G5/oracle on GPU1
[2026-09-27T15:30:02+00:00] finished P1k+P2+P3/C/dev
[2026-09-27T15:30:02+00:00] started P1k+P2+P3/G5/A_jev on GPU0
[2026-09-27T15:41:03+00:00] finished P1k+P2+P3/G5/oracle
[2026-09-27T16:09:05+00:00] finished P1k+P2+P3/G5/zero_shot
[2026-09-27T16:19:05+00:00] finished P1k+P2+P3/G5/A_jev
[2026-09-27T16:19:42+00:00] G4/G5 P1k+P2+P3
[2026-09-27T16:19:42+00:00] chosen P1k+P2+P3
